Impartus Video Downloader
Version: 0.1.28
Build Date: 2026-08-26T05:40:52Z

Usage:
  impartus [command] [flags]

Commands:
  tui                                  Browse, play, download, and resume (TUI)
  courses                              List courses (JSON)
  lectures -s <subject> -S <session>   List lectures (JSON)
  download [flags]                     Download lectures
  play [flags]                         Play lectures in mpv
  doctor                               Check local dependencies and private paths
  library list|show|verify             Inspect and verify the local lecture library
  watch [--once] [--dry-run]           Poll and durably download new lectures
  serve [--port <port>]                Start HTTP API server
  version                              Show version
  help                                 Show help

Download / Play Flags:
  --subject,-s        Subject ID
  --session,-S        Session ID
  --start             Start lecture index (1-based)
  --end               End lecture index (1-based)
  --ttid              Exact lecture TTID (download only; exclusive with --start/--end)
  --lecture,-l        Specific lecture index (1-based, play only)
  --quality           Quality override
  --views             Views override
  --audio-only        Audio-only mode (download only)
  --format            Audio format override (download only)
  --output,-o         Output directory (download only)
  --skip-no-audio     Skip lectures with no audio track
  --include-noaudio   Include noaudio lectures (overrides --skip-no-audio)
  --mpv-mode          Playback mode: ipc by default, legacy on Windows (play only)
  --events            NDJSON lifecycle stream (download/watch; exclusive with --json)

No arguments launch the TUI only when both stdin and stdout are terminals; otherwise, help is printed to stderr and the command exits 2.
