Impartus › Courses  COMPACT · COLLECTION
+ Courses [ACTIVE] --------------------+
|> Distributed Systems · Leslie Lamport|
|  Linear Algebra · Gilbert Strang · 24|
|                                      |
|                                      |
|                                      |
|                                      |
+--------------------------------------+
↑/↓ Move · enter Open / play · / Filter
