Impartus › Courses                                           MEDIUM · COLLECTION
+ Courses [ACTIVE] ---------------------------------+ Inspector ---------------+
|> Distributed Systems · Leslie Lamport · 12 lecture|Distributed Systems       |
|  Linear Algebra · Gilbert Strang · 24 lectures    |Professor: Leslie Lamport |
|                                                   |Session: —                |
|                                                   |Department: —             |
|                                                   |Lectures: 12              |
|                                                   |                          |
|                                                   |Actions                   |
|                                                   |enter  Open / play        |
|                                                   |                          |
|                                                   |                          |
|                                                   |                          |
|                                                   |                          |
|                                                   |                          |
|                                                   |                          |
|                                                   |                          |
|                                                   |                          |
|                                                   |                          |
|                                                   |                          |
|                                                   |                          |
|                                                   |                          |
+---------------------------------------------------+--------------------------+
↑/↓ Move · enter Open / play · / Filter · r Retry · tab Next pane · g Navigation
