Impartus › Courses                                                                                                         WIDE · COLLECTION
+ Navigation --------+ Courses [ACTIVE] ----------------------------------------------------------------+ Inspector -----------------------+
|> Courses [CURRENT] |> Distributed Systems · Leslie Lamport · 12 lectures                              |Distributed Systems               |
|  Library           |  Linear Algebra · Gilbert Strang · 24 lectures                                   |Professor: Leslie Lamport         |
|  Diagnostics       |                                                                                  |Session: —                        |
|                    |                                                                                  |Department: —                     |
|                    |                                                                                  |Lectures: 12                      |
|                    |                                                                                  |                                  |
|                    |                                                                                  |Actions                           |
|                    |                                                                                  |enter  Open / play                |
|                    |                                                                                  |                                  |
|                    |                                                                                  |                                  |
|                    |                                                                                  |                                  |
|                    |                                                                                  |                                  |
|                    |                                                                                  |                                  |
|                    |                                                                                  |                                  |
|                    |                                                                                  |                                  |
|                    |                                                                                  |                                  |
|                    |                                                                                  |                                  |
|                    |                                                                                  |                                  |
|                    |                                                                                  |                                  |
|                    |                                                                                  |                                  |
|                    |                                                                                  |                                  |
|                    |                                                                                  |                                  |
|                    |                                                                                  |                                  |
|                    |                                                                                  |                                  |
|                    |                                                                                  |                                  |
|                    |                                                                                  |                                  |
|                    |                                                                                  |                                  |
|                    |                                                                                  |                                  |
+--------------------+----------------------------------------------------------------------------------+----------------------------------+
↑/↓ Move · enter Open / play · / Filter · r Retry · tab Next pane · g Navigation · l Open library · ! Open diagnostics · ctrl+p Commands
